// Jest Snapshot v1, https://goo.gl/fbAQLP

exports[`Container snapshot matches snapshot 1`] = `ReactWrapper {}`;
